// Jest Snapshot v1, https://goo.gl/fbAQLP

exports[`utils/logger works 1`] = `
[
  [
    "[[34mDEBUG[39m] test",
  ],
  [
    {
      "code": 1,
      "name": "test",
    },
  ],
  [
    "[[32m INFO[39m] [90mtest[39m it",
  ],
  [
    "[[35m WARN[39m] [33mtest[39m it",
  ],
  [
    "[[31mERROR[39m] [31mtest[39m",
  ],
]
`;
